PS C:\Users\student\Desktop\week07> git init
Initialized empty Git repository in C:/Users/student/Desktop/week07/.git/
PS C:\Users\student\Desktop\week07> git status
On branch master

No commits yet

Untracked files:
  (use "git add <file>..." to include in what will be committed)
        app.js
        models/
        node_modules/
        package-lock.json
        package.json
        views/

nothing added to commit but untracked files present (use "git add" to track)
PS C:\Users\student\Desktop\week07> git remote add origin https://github.com/shivarajgandham22/week10.git
PS C:\Users\student\Desktop\week07> git commit
On branch master

Initial commit

Untracked files:
  (use "git add <file>..." to include in what will be committed)
        app.js
        models/
        node_modules/
        package-lock.json
        package.json
        views/

nothing added to commit but untracked files present (use "git add" to track)
PS C:\Users\student\Desktop\week07> git commit"srikesh"
git: 'commitsrikesh' is not a git command. See 'git --help'.
PS C:\Users\student\Desktop\week07> git commit "srikesh"
error: pathspec 'srikesh' did not match any file(s) known to git
PS C:\Users\student\Desktop\week07> git commit -m       
error: switch `m' requires a value
PS C:\Users\student\Desktop\week07> git commit -m "srikesh"
On branch master

Initial commit

Untracked files:
  (use "git add <file>..." to include in what will be committed)
        app.js
        models/
        node_modules/
        package-lock.json
        package.json
        views/

nothing added to commit but untracked files present (use "git add" to track)
PS C:\Users\student\Desktop\week07> git config --global user.email
shivaram4388@gmail.com
PS C:\Users\student\Desktop\week07> git config --global user.email shivarajgandham2004@gmail.com
PS C:\Users\student\Desktop\week07> git config --global user.name shivaraj22                    
PS C:\Users\student\Desktop\week07> git add app.js
PS C:\Users\student\Desktop\week07> git push -u origin main
error: src refspec main does not match any
error: failed to push some refs to 'https://github.com/shivarajgandham22/week10.git'
PS C:\Users\student\Desktop\week07> git commit -m "srikesh"  
[master (root-commit) 05fa534] srikesh
 1 file changed, 145 insertions(+)
 create mode 100644 app.js
PS C:\Users\student\Desktop\week07> git push -u origin master
remote: Permission to shivarajgandham22/week10.git denied to abhijith0406.
fatal: unable to access 'https://github.com/shivarajgandham22/week10.git/': The requested URL returned error: 403
PS C:\Users\student\Desktop\week07> git push -u origin master
remote: Permission to shivarajgandham22/week10.git denied to abhijith0406.
fatal: unable to access 'https://github.com/shivarajgandham22/week10.git/': The requested URL returned error: 403
PS C:\Users\student\Desktop\week07> git push -u origin master
info: please complete authentication in your browser...
Enumerating objects: 3, done.
Counting objects: 100% (3/3), done.
Delta compression using up to 12 threads
Compressing objects: 100% (2/2), done.
Writing objects: 100% (3/3), 1.14 KiB | 1.14 MiB/s, done.
Total 3 (delta 0), reused 0 (delta 0), pack-reused 0
To https://github.com/shivarajgandham22/week10.git
 * [new branch]      master -> master
branch 'master' set up to track 'origin/master'.
PS C:\Users\student\Desktop\week07> git push -u origin master
Everything up-to-date
branch 'master' set up to track 'origin/master'.
PS C:\Users\student\Desktop\week07>
